Running Clash of Ideologies Test...
--- Starting Bot Simulation with bots: hustler, hustler, zen, zen ---
[HustlerBot-1] Joined game 4084dedd-7c28-42c6-9ba2-c6c27caeff89 as player 7246a0dc-2a8c-4968-8ae6-a1a3be987bfd
[HustlerBot-2] Joined game 4084dedd-7c28-42c6-9ba2-c6c27caeff89 as player a99f8a50-65ed-43f2-909b-bbf3085dd8d8
[ZenBot-3] Joined game 4084dedd-7c28-42c6-9ba2-c6c27caeff89 as player b40ce269-452f-44c8-abe0-cdc969ee0f90
[ZenBot-4] Joined game 4084dedd-7c28-42c6-9ba2-c6c27caeff89 as player da342ce8-2576-4a8f-bf9e-bbe9f1800294

--- Starting Game ---

--- [HustlerBot-1] Turn 1 ---
My Stats: AP=2, Hand=0, MH=7, NM=0
[HustlerBot-1] Taking action: WORK_OVERTIME

--- [HustlerBot-2] Turn 2 ---
My Stats: AP=2, Hand=0, MH=7, NM=0
[HustlerBot-2] Taking action: WORK_OVERTIME

--- [ZenBot-3] Turn 3 ---
My Stats: AP=2, Hand=0, MH=7, NM=0
[ZenBot-3] Taking action: DRAW_CARD { deck: 'VIRTUE' }

--- [ZenBot-3] Turn 3 ---
My Stats: AP=1, Hand=1, MH=7, NM=1
[ZenBot-3] Taking action: PLAY_CARD { cardId: 'virtue_11' }

--- [ZenBot-4] Turn 4 ---
My Stats: AP=2, Hand=0, MH=7, NM=0
[ZenBot-4] Taking action: DRAW_CARD { deck: 'VIRTUE' }

--- [ZenBot-4] Turn 4 ---
My Stats: AP=1, Hand=1, MH=7, NM=1
[ZenBot-4] Taking action: PLAY_CARD { cardId: 'virtue_18' }

--- [HustlerBot-1] Turn 5 ---
My Stats: AP=2, Hand=0, MH=6, NM=1
[HustlerBot-1] Taking action: WORK_OVERTIME

--- [HustlerBot-2] Turn 6 ---
My Stats: AP=2, Hand=0, MH=6, NM=1
[HustlerBot-2] Taking action: WORK_OVERTIME

--- [ZenBot-3] Turn 7 ---
My Stats: AP=2, Hand=0, MH=9, NM=1
[ZenBot-3] Taking action: DRAW_CARD { deck: 'VIRTUE' }

--- [ZenBot-3] Turn 7 ---
My Stats: AP=1, Hand=1, MH=9, NM=2
[ZenBot-3] Taking action: DRAW_CARD { deck: 'VIRTUE' }

--- [ZenBot-4] Turn 8 ---
My Stats: AP=2, Hand=0, MH=9, NM=1
[ZenBot-4] Taking action: DRAW_CARD { deck: 'VIRTUE' }

--- [ZenBot-4] Turn 8 ---
My Stats: AP=1, Hand=1, MH=9, NM=2
[ZenBot-4] Taking action: DRAW_CARD { deck: 'VIRTUE' }

--- [HustlerBot-1] Turn 9 ---
My Stats: AP=2, Hand=0, MH=5, NM=2
[HustlerBot-1] Taking action: WORK_OVERTIME

--- [HustlerBot-2] Turn 10 ---
My Stats: AP=2, Hand=0, MH=5, NM=2
[HustlerBot-2] Taking action: WORK_OVERTIME

--- [ZenBot-3] Turn 11 ---
My Stats: AP=2, Hand=2, MH=9, NM=3
[ZenBot-3] Taking action: PLAY_CARD { cardId: 'virtue_04' }

--- [ZenBot-3] Turn 11 ---
My Stats: AP=1, Hand=1, MH=10, NM=3
[ZenBot-3] Taking action: DRAW_CARD { deck: 'VIRTUE' }

--- [ZenBot-4] Turn 12 ---
My Stats: AP=2, Hand=2, MH=9, NM=3
[ZenBot-4] Taking action: PLAY_CARD { cardId: 'virtue_09' }

--- [ZenBot-4] Turn 12 ---
My Stats: AP=1, Hand=1, MH=10, NM=3
[ZenBot-4] Taking action: DRAW_CARD { deck: 'VIRTUE' }

--- [HustlerBot-1] Turn 13 ---
My Stats: AP=2, Hand=0, MH=4, NM=3
[HustlerBot-1] Taking action: WORK_OVERTIME

--- [HustlerBot-2] Turn 14 ---
My Stats: AP=2, Hand=0, MH=4, NM=3
[HustlerBot-2] Taking action: WORK_OVERTIME

--- [ZenBot-3] Turn 15 ---
My Stats: AP=2, Hand=2, MH=10, NM=4
[ZenBot-3] Taking action: PLAY_CARD { cardId: 'virtue_19' }

--- [ZenBot-3] Turn 15 ---
My Stats: AP=1, Hand=1, MH=10, NM=4
[ZenBot-3] Taking action: DRAW_CARD { deck: 'VIRTUE' }

--- [ZenBot-4] Turn 16 ---
My Stats: AP=2, Hand=2, MH=10, NM=4
[ZenBot-4] Taking action: PLAY_CARD { cardId: 'virtue_03' }

--- [ZenBot-4] Turn 16 ---
My Stats: AP=1, Hand=1, MH=10, NM=4
[ZenBot-4] Taking action: DRAW_CARD { deck: 'VIRTUE' }

--- [HustlerBot-1] Turn 17 ---
My Stats: AP=2, Hand=0, MH=3, NM=4
[HustlerBot-1] Taking action: WORK_OVERTIME

--- [HustlerBot-2] Turn 18 ---
My Stats: AP=2, Hand=0, MH=3, NM=4
[HustlerBot-2] Taking action: WORK_OVERTIME

--- [ZenBot-3] Turn 19 ---
My Stats: AP=2, Hand=2, MH=10, NM=5
[ZenBot-3] Taking action: PLAY_CARD { cardId: 'virtue_20' }

--- [ZenBot-3] Turn 19 ---
My Stats: AP=1, Hand=1, MH=10, NM=5
[ZenBot-3] Taking action: DRAW_CARD { deck: 'VIRTUE' }

--- [ZenBot-4] Turn 20 ---
My Stats: AP=2, Hand=2, MH=10, NM=5
[ZenBot-4] Taking action: PLAY_CARD { cardId: 'virtue_15' }

--- [ZenBot-4] Turn 20 ---
My Stats: AP=1, Hand=1, MH=9, NM=5
[ZenBot-4] Taking action: DRAW_CARD { deck: 'VIRTUE' }

--- [HustlerBot-1] Turn 21 ---
My Stats: AP=2, Hand=0, MH=2, NM=5
[HustlerBot-1] Taking action: WORK_OVERTIME

--- [HustlerBot-2] Turn 22 ---
My Stats: AP=2, Hand=0, MH=2, NM=5
[HustlerBot-2] Taking action: WORK_OVERTIME

--- [ZenBot-3] Turn 23 ---
My Stats: AP=2, Hand=2, MH=10, NM=6
[ZenBot-3] Taking action: PLAY_CARD { cardId: 'virtue_07' }

--- [ZenBot-3] Turn 23 ---
My Stats: AP=1, Hand=1, MH=10, NM=6
[ZenBot-3] Taking action: DRAW_CARD { deck: 'VIRTUE' }

--- [ZenBot-4] Turn 24 ---
My Stats: AP=2, Hand=2, MH=9, NM=6
[ZenBot-4] Taking action: PLAY_CARD { cardId: 'virtue_17' }

--- [ZenBot-4] Turn 24 ---
My Stats: AP=1, Hand=1, MH=8, NM=6
[ZenBot-4] Taking action: DRAW_CARD { deck: 'VIRTUE' }

--- [HustlerBot-1] Turn 25 ---
My Stats: AP=2, Hand=0, MH=1, NM=6
[HustlerBot-1] Taking action: WORK_OVERTIME

--- [HustlerBot-2] Turn 26 ---
My Stats: AP=2, Hand=0, MH=1, NM=6
[HustlerBot-2] Taking action: WORK_OVERTIME

--- [ZenBot-3] Turn 27 ---
My Stats: AP=2, Hand=2, MH=10, NM=7
[ZenBot-3] Taking action: PLAY_CARD { cardId: 'virtue_01' }

--- [ZenBot-3] Turn 27 ---
My Stats: AP=1, Hand=1, MH=10, NM=7
[ZenBot-3] Taking action: DRAW_CARD { deck: 'VIRTUE' }

--- [ZenBot-4] Turn 28 ---
My Stats: AP=2, Hand=2, MH=8, NM=7
[ZenBot-4] Taking action: PLAY_CARD { cardId: 'virtue_06' }

--- [ZenBot-4] Turn 28 ---
My Stats: AP=1, Hand=1, MH=10, NM=7
[ZenBot-4] Taking action: DRAW_CARD { deck: 'VIRTUE' }

--- [HustlerBot-1] Turn 29 ---
My Stats: AP=2, Hand=0, MH=0, NM=7
[HustlerBot-1] Taking action: WORK_OVERTIME

--- [HustlerBot-2] Turn 30 ---
My Stats: AP=2, Hand=0, MH=0, NM=7
[HustlerBot-2] Taking action: WORK_OVERTIME

--- [ZenBot-3] Turn 31 ---
My Stats: AP=2, Hand=2, MH=10, NM=8
[ZenBot-3] Taking action: PLAY_CARD { cardId: 'virtue_08' }

--- [ZenBot-3] Turn 31 ---
My Stats: AP=1, Hand=1, MH=10, NM=8
[ZenBot-3] Taking action: DRAW_CARD { deck: 'VIRTUE' }

--- [ZenBot-4] Turn 32 ---
My Stats: AP=2, Hand=2, MH=10, NM=8
[ZenBot-4] Taking action: PLAY_CARD { cardId: 'virtue_02' }

--- [ZenBot-4] Turn 32 ---
My Stats: AP=1, Hand=1, MH=10, NM=8
[ZenBot-4] Taking action: DRAW_CARD { deck: 'VIRTUE' }

--- [HustlerBot-1] Turn 33 ---
My Stats: AP=2, Hand=0, MH=0, NM=8
[HustlerBot-1] Taking action: WORK_OVERTIME

--- [HustlerBot-2] Turn 34 ---
My Stats: AP=2, Hand=0, MH=0, NM=8
[HustlerBot-2] Taking action: WORK_OVERTIME

--- [ZenBot-3] Turn 35 ---
My Stats: AP=2, Hand=2, MH=10, NM=9
[ZenBot-3] Taking action: PLAY_CARD { cardId: 'virtue_16' }

--- [ZenBot-3] Turn 35 ---
My Stats: AP=1, Hand=1, MH=10, NM=9
[ZenBot-3] Taking action: DRAW_CARD { deck: 'VIRTUE' }

--- [ZenBot-4] Turn 36 ---
My Stats: AP=2, Hand=2, MH=10, NM=9
[ZenBot-4] Taking action: PLAY_CARD { cardId: 'virtue_05' }

--- [ZenBot-4] Turn 36 ---
My Stats: AP=1, Hand=1, MH=10, NM=9
[ZenBot-4] Taking action: DRAW_CARD { deck: 'VIRTUE' }

--- [HustlerBot-1] Turn 37 ---
My Stats: AP=2, Hand=0, MH=0, NM=9
[HustlerBot-1] Taking action: WORK_OVERTIME

--- [HustlerBot-2] Turn 38 ---
My Stats: AP=2, Hand=0, MH=0, NM=9
[HustlerBot-2] Taking action: WORK_OVERTIME

--- [ZenBot-3] Turn 39 ---
My Stats: AP=2, Hand=2, MH=10, NM=10
[ZenBot-3] Taking action: PLAY_CARD { cardId: 'virtue_14' }

--- [ZenBot-3] Turn 39 ---
My Stats: AP=1, Hand=1, MH=10, NM=10
[ZenBot-3] Taking action: DRAW_CARD { deck: 'VIRTUE' }

--- [ZenBot-4] Turn 40 ---
My Stats: AP=2, Hand=2, MH=10, NM=10
[ZenBot-4] Taking action: PLAY_CARD { cardId: 'virtue_12' }

--- [ZenBot-4] Turn 40 ---
My Stats: AP=1, Hand=1, MH=10, NM=10
[ZenBot-4] Taking action: DRAW_CARD { deck: 'VIRTUE' }
[HustlerBot-1] Submitting testimony: Kudos for HustlerBot-2, Concern for ZenBot-4
[HustlerBot-2] Submitting testimony: Kudos for HustlerBot-1, Concern for ZenBot-4
[ZenBot-3] Submitting testimony: Kudos for ZenBot-4, Concern for HustlerBot-1
[ZenBot-4] Submitting testimony: Kudos for ZenBot-3, Concern for HustlerBot-1

--- [HustlerBot-1] GAME OVER ---
Final Scores: [
  { name: 'ZenBot-4', score: '140.00' },
  { name: 'ZenBot-3', score: '120.95' },
  { name: 'HustlerBot-2', score: '112.00' },
  { name: 'HustlerBot-1', score: '108.00' }
]
Winner: ZenBot-4
[HustlerBot-1] Disconnected.

--- [ZenBot-3] GAME OVER ---
Final Scores: [
  { name: 'ZenBot-4', score: '140.00' },
  { name: 'ZenBot-3', score: '120.95' },
  { name: 'HustlerBot-2', score: '112.00' },
  { name: 'HustlerBot-1', score: '108.00' }
]
Winner: ZenBot-4
[ZenBot-3] Disconnected.

--- [ZenBot-4] GAME OVER ---
Final Scores: [
  { name: 'ZenBot-4', score: '140.00' },
  { name: 'ZenBot-3', score: '120.95' },
  { name: 'HustlerBot-2', score: '112.00' },
  { name: 'HustlerBot-1', score: '108.00' }
]
Winner: ZenBot-4
[ZenBot-4] Disconnected.

--- [HustlerBot-2] GAME OVER ---
Final Scores: [
  { name: 'ZenBot-4', score: '140.00' },
  { name: 'ZenBot-3', score: '120.95' },
  { name: 'HustlerBot-2', score: '112.00' },
  { name: 'HustlerBot-1', score: '108.00' }
]
Winner: ZenBot-4
[HustlerBot-2] Disconnected.
