Bot Bot1 connected with id G4BrDjztk7FBBZB9AAAB
Bot Bot2 connected with id 00d7TszEoP-E1iPHAAAD
[Bot1] Event: game_created [{"gameId":"cb8d252c-8b21-405e-8f46-0168446c285a"}]
Game created with ID: cb8d252c-8b21-405e-8f46-0168446c285a
[Bot1] Event: player_joined [{"gameId":"cb8d252c-8b21-405e-8f46-0168446c285a","player":{"id":"96b7d694-82ff-4db0-9a04-6eae7a38ca59","name":"Bot1","stats":{"money":21288,"mentalHealth":8,"sin":2,"virtue":0}},"allPlayers":[{"id":"96b7d694-82ff-4db0-9a04-6eae7a38ca59","name":"Bot1","stats":{"money":21288,"mentalHealth":8,"sin":2,"virtue":0}}]}]
Bot Bot1 joined game cb8d252c-8b21-405e-8f46-0168446c285a with player ID 96b7d694-82ff-4db0-9a04-6eae7a38ca59
[Bot2] Event: player_joined [{"gameId":"cb8d252c-8b21-405e-8f46-0168446c285a","player":{"id":"8768d6cd-3e9c-49db-ad42-c27c94982646","name":"Bot2","stats":{"money":18244,"mentalHealth":6,"sin":0,"virtue":0}},"allPlayers":[{"id":"96b7d694-82ff-4db0-9a04-6eae7a38ca59","name":"Bot1","stats":{"money":21288,"mentalHealth":8,"sin":2,"virtue":0}},{"id":"8768d6cd-3e9c-49db-ad42-c27c94982646","name":"Bot2","stats":{"money":18244,"mentalHealth":6,"sin":0,"virtue":0}}]}]
Bot Bot2 joined game cb8d252c-8b21-405e-8f46-0168446c285a with player ID 8768d6cd-3e9c-49db-ad42-c27c94982646
Starting game...
[Bot1] Event: player_joined [{"gameId":"cb8d252c-8b21-405e-8f46-0168446c285a","player":{"id":"8768d6cd-3e9c-49db-ad42-c27c94982646","name":"Bot2","stats":{"money":18244,"mentalHealth":6,"sin":0,"virtue":0}},"allPlayers":[{"id":"96b7d694-82ff-4db0-9a04-6eae7a38ca59","name":"Bot1","stats":{"money":21288,"mentalHealth":8,"sin":2,"virtue":0}},{"id":"8768d6cd-3e9c-49db-ad42-c27c94982646","name":"Bot2","stats":{"money":18244,"mentalHealth":6,"sin":0,"virtue":0}}]}]
[Bot1] Event: game_started [{"gameState":{"id":"cb8d252c-8b21-405e-8f46-0168446c285a","name":"Bot Game","status":"in-progress","players":[{"id":"96b7d694-82ff-4db0-9a04-6eae7a38ca59","name":"Bot1","stats":{"money":21288,"mentalHealth":8,"sin":2,"virtue":0}},{"id":"8768d6cd-3e9c-49db-ad42-c27c94982646","name":"Bot2","stats":{"money":18244,"mentalHealth":6,"sin":0,"virtue":0}}],"currentPlayerId":"96b7d694-82ff-4db0-9a04-6eae7a38ca59","currentTurn":1,"currentState":"Roll"}}]
[Bot1] It's Bot1's turn. State is Roll
[Bot2] Event: game_started [{"gameState":{"id":"cb8d252c-8b21-405e-8f46-0168446c285a","name":"Bot Game","status":"in-progress","players":[{"id":"96b7d694-82ff-4db0-9a04-6eae7a38ca59","name":"Bot1","stats":{"money":21288,"mentalHealth":8,"sin":2,"virtue":0}},{"id":"8768d6cd-3e9c-49db-ad42-c27c94982646","name":"Bot2","stats":{"money":18244,"mentalHealth":6,"sin":0,"virtue":0}}],"currentPlayerId":"96b7d694-82ff-4db0-9a04-6eae7a38ca59","currentTurn":1,"currentState":"Roll"}}]
[Bot1] Rolling the dice.
[Bot1] Event: game_state_update [{"id":"cb8d252c-8b21-405e-8f46-0168446c285a","name":"Bot Game","status":"in-progress","players":[{"id":"96b7d694-82ff-4db0-9a04-6eae7a38ca59","name":"Bot1","stats":{"money":21288,"mentalHealth":8,"sin":2,"virtue":0}},{"id":"8768d6cd-3e9c-49db-ad42-c27c94982646","name":"Bot2","stats":{"money":18244,"mentalHealth":6,"sin":0,"virtue":0}}],"currentPlayerId":"96b7d694-82ff-4db0-9a04-6eae7a38ca59","currentTurn":1,"currentState":"Decision"}]
[Bot1] It's Bot1's turn. State is Decision
[Bot2] Event: game_state_update [{"id":"cb8d252c-8b21-405e-8f46-0168446c285a","name":"Bot Game","status":"in-progress","players":[{"id":"96b7d694-82ff-4db0-9a04-6eae7a38ca59","name":"Bot1","stats":{"money":21288,"mentalHealth":8,"sin":2,"virtue":0}},{"id":"8768d6cd-3e9c-49db-ad42-c27c94982646","name":"Bot2","stats":{"money":18244,"mentalHealth":6,"sin":0,"virtue":0}}],"currentPlayerId":"96b7d694-82ff-4db0-9a04-6eae7a38ca59","currentTurn":1,"currentState":"Decision"}]
[Bot1] Making a choice (option 1).
[Bot1] Event: card_resolved [{"playerId":"96b7d694-82ff-4db0-9a04-6eae7a38ca59","newStats":{"money":21388,"mentalHealth":7,"sin":2,"virtue":0}}]
[Bot2] Event: card_resolved [{"playerId":"96b7d694-82ff-4db0-9a04-6eae7a38ca59","newStats":{"money":21388,"mentalHealth":7,"sin":2,"virtue":0}}]
[Bot1] Event: game_state_update [{"id":"cb8d252c-8b21-405e-8f46-0168446c285a","name":"Bot Game","status":"in-progress","players":[{"id":"96b7d694-82ff-4db0-9a04-6eae7a38ca59","name":"Bot1","stats":{"money":21388,"mentalHealth":7,"sin":2,"virtue":0}},{"id":"8768d6cd-3e9c-49db-ad42-c27c94982646","name":"Bot2","stats":{"money":18244,"mentalHealth":6,"sin":0,"virtue":0}}],"currentPlayerId":"8768d6cd-3e9c-49db-ad42-c27c94982646","currentTurn":2,"currentState":"EndTurn"}]
[Bot2] Event: game_state_update [{"id":"cb8d252c-8b21-405e-8f46-0168446c285a","name":"Bot Game","status":"in-progress","players":[{"id":"96b7d694-82ff-4db0-9a04-6eae7a38ca59","name":"Bot1","stats":{"money":21388,"mentalHealth":7,"sin":2,"virtue":0}},{"id":"8768d6cd-3e9c-49db-ad42-c27c94982646","name":"Bot2","stats":{"money":18244,"mentalHealth":6,"sin":0,"virtue":0}}],"currentPlayerId":"8768d6cd-3e9c-49db-ad42-c27c94982646","currentTurn":2,"currentState":"EndTurn"}]
[Bot2] It's Bot2's turn. State is EndTurn
