🚀 Server listening on port 5000
Serving static files from: /app/public
🔌 New connection: Debo_r0wWfgbcLh_AAAB
🔌 New connection: pDTtSRRqCvoHicuIAAAD
[EVENT] create_game from Debo_r0wWfgbcLh_AAAB { gameName: 'Bot Game' }
[GAME] Game 83dd69b5-81ad-4e8e-866b-5b189ea2691d created by Debo_r0wWfgbcLh_AAAB
[EVENT] join_game from Debo_r0wWfgbcLh_AAAB { gameId: '83dd69b5-81ad-4e8e-866b-5b189ea2691d', username: 'Bot1' }
[GAME] Player Bot1 (5ef4c284-44dc-469d-8ff4-36204e78f3e7) joined game 83dd69b5-81ad-4e8e-866b-5b189ea2691d
[EVENT] join_game from pDTtSRRqCvoHicuIAAAD { gameId: '83dd69b5-81ad-4e8e-866b-5b189ea2691d', username: 'Bot2' }
[GAME] Player Bot2 (2d7465c5-f899-464f-9646-bf192925e442) joined game 83dd69b5-81ad-4e8e-866b-5b189ea2691d
[EVENT] start_game from Debo_r0wWfgbcLh_AAAB { gameId: '83dd69b5-81ad-4e8e-866b-5b189ea2691d' }
🔄 State transition: Idle → Roll
[GAME] Game 83dd69b5-81ad-4e8e-866b-5b189ea2691d started.
[EVENT] roll_dice from Debo_r0wWfgbcLh_AAAB {
  gameId: '83dd69b5-81ad-4e8e-866b-5b189ea2691d',
  playerId: '5ef4c284-44dc-469d-8ff4-36204e78f3e7'
}
🔄 State transition: Roll → Tile
🔄 State transition: Tile → Card
🔄 State transition: Card → Decision
[EVENT] card_choice from Debo_r0wWfgbcLh_AAAB {
  gameId: '83dd69b5-81ad-4e8e-866b-5b189ea2691d',
  playerId: '5ef4c284-44dc-469d-8ff4-36204e78f3e7',
  cardId: 'dummy_card',
  choiceIndex: 0
}
[GAME] Player Bot1 chose 'Become a corporate shill'. New stats: { money: 16221, mentalHealth: 8, sin: 1, virtue: 0 }
🔄 State transition: Decision → EndTurn
🔄 State transition: EndTurn → Idle
🔄 State transition: Idle → Roll
[EVENT] roll_dice from pDTtSRRqCvoHicuIAAAD {
  gameId: '83dd69b5-81ad-4e8e-866b-5b189ea2691d',
  playerId: '2d7465c5-f899-464f-9646-bf192925e442'
}
🔄 State transition: Roll → Tile
🔄 State transition: Tile → Card
🔄 State transition: Card → Decision
[EVENT] card_choice from pDTtSRRqCvoHicuIAAAD {
  gameId: '83dd69b5-81ad-4e8e-866b-5b189ea2691d',
  playerId: '2d7465c5-f899-464f-9646-bf192925e442',
  cardId: 'dummy_card',
  choiceIndex: 1
}
[GAME] Player Bot2 chose 'Organize a protest'. New stats: { money: 16400, mentalHealth: 5, sin: 0, virtue: 2 }
🔄 State transition: Decision → EndTurn
🔄 State transition: EndTurn → Idle
🔄 State transition: Idle → Roll
[EVENT] roll_dice from Debo_r0wWfgbcLh_AAAB {
  gameId: '83dd69b5-81ad-4e8e-866b-5b189ea2691d',
  playerId: '5ef4c284-44dc-469d-8ff4-36204e78f3e7'
}
🔄 State transition: Roll → Tile
🔄 State transition: Tile → Card
🔄 State transition: Card → Decision
[EVENT] card_choice from Debo_r0wWfgbcLh_AAAB {
  gameId: '83dd69b5-81ad-4e8e-866b-5b189ea2691d',
  playerId: '5ef4c284-44dc-469d-8ff4-36204e78f3e7',
  cardId: 'dummy_card',
  choiceIndex: 0
}
[GAME] Player Bot1 chose 'Become a corporate shill'. New stats: { money: 16421, mentalHealth: 8, sin: 2, virtue: 0 }
🔄 State transition: Decision → EndTurn
🔄 State transition: EndTurn → Idle
🔄 State transition: Idle → Roll
[EVENT] roll_dice from pDTtSRRqCvoHicuIAAAD {
  gameId: '83dd69b5-81ad-4e8e-866b-5b189ea2691d',
  playerId: '2d7465c5-f899-464f-9646-bf192925e442'
}
🔄 State transition: Roll → Tile
🔄 State transition: Tile → Card
🔄 State transition: Card → Decision
[EVENT] card_choice from pDTtSRRqCvoHicuIAAAD {
  gameId: '83dd69b5-81ad-4e8e-866b-5b189ea2691d',
  playerId: '2d7465c5-f899-464f-9646-bf192925e442',
  cardId: 'dummy_card',
  choiceIndex: 1
}
[GAME] Player Bot2 chose 'Organize a protest'. New stats: { money: 16350, mentalHealth: 4, sin: 0, virtue: 4 }
🔄 State transition: Decision → EndTurn
🔄 State transition: EndTurn → Idle
🔄 State transition: Idle → Roll
[EVENT] roll_dice from Debo_r0wWfgbcLh_AAAB {
  gameId: '83dd69b5-81ad-4e8e-866b-5b189ea2691d',
  playerId: '5ef4c284-44dc-469d-8ff4-36204e78f3e7'
}
🔄 State transition: Roll → Tile
🔄 State transition: Tile → Card
🔄 State transition: Card → Decision
[EVENT] card_choice from Debo_r0wWfgbcLh_AAAB {
  gameId: '83dd69b5-81ad-4e8e-866b-5b189ea2691d',
  playerId: '5ef4c284-44dc-469d-8ff4-36204e78f3e7',
  cardId: 'dummy_card',
  choiceIndex: 0
}
[GAME] Player Bot1 chose 'Become a corporate shill'. New stats: { money: 16621, mentalHealth: 8, sin: 3, virtue: 0 }
🔄 State transition: Decision → EndTurn
🔄 State transition: EndTurn → Idle
🔄 State transition: Idle → Roll
[EVENT] roll_dice from pDTtSRRqCvoHicuIAAAD {
  gameId: '83dd69b5-81ad-4e8e-866b-5b189ea2691d',
  playerId: '2d7465c5-f899-464f-9646-bf192925e442'
}
🔄 State transition: Roll → Tile
🔄 State transition: Tile → Card
🔄 State transition: Card → Decision
[EVENT] card_choice from pDTtSRRqCvoHicuIAAAD {
  gameId: '83dd69b5-81ad-4e8e-866b-5b189ea2691d',
  playerId: '2d7465c5-f899-464f-9646-bf192925e442',
  cardId: 'dummy_card',
  choiceIndex: 1
}
[GAME] Player Bot2 chose 'Organize a protest'. New stats: { money: 16300, mentalHealth: 3, sin: 0, virtue: 6 }
🔄 State transition: Decision → EndTurn
🔄 State transition: EndTurn → Idle
🔄 State transition: Idle → Roll
[EVENT] roll_dice from Debo_r0wWfgbcLh_AAAB {
  gameId: '83dd69b5-81ad-4e8e-866b-5b189ea2691d',
  playerId: '5ef4c284-44dc-469d-8ff4-36204e78f3e7'
}
🔄 State transition: Roll → Tile
🔄 State transition: Tile → Card
🔄 State transition: Card → Decision
[EVENT] card_choice from Debo_r0wWfgbcLh_AAAB {
  gameId: '83dd69b5-81ad-4e8e-866b-5b189ea2691d',
  playerId: '5ef4c284-44dc-469d-8ff4-36204e78f3e7',
  cardId: 'dummy_card',
  choiceIndex: 0
}
[GAME] Player Bot1 chose 'Become a corporate shill'. New stats: { money: 16821, mentalHealth: 8, sin: 4, virtue: 0 }
🔄 State transition: Decision → EndTurn
🔄 State transition: EndTurn → Idle
🔄 State transition: Idle → Roll
[EVENT] roll_dice from pDTtSRRqCvoHicuIAAAD {
  gameId: '83dd69b5-81ad-4e8e-866b-5b189ea2691d',
  playerId: '2d7465c5-f899-464f-9646-bf192925e442'
}
🔄 State transition: Roll → Tile
🔄 State transition: Tile → Card
🔄 State transition: Card → Decision
[EVENT] card_choice from pDTtSRRqCvoHicuIAAAD {
  gameId: '83dd69b5-81ad-4e8e-866b-5b189ea2691d',
  playerId: '2d7465c5-f899-464f-9646-bf192925e442',
  cardId: 'dummy_card',
  choiceIndex: 1
}
[MECHANIC] Player Bot2 suffered a burnout!
[GAME] Player Bot2 chose 'Organize a protest'. New stats: { money: 15750, mentalHealth: 0, sin: 0, virtue: 8 }
🔄 State transition: Decision → EndTurn
🔄 State transition: EndTurn → Idle
🔄 State transition: Idle → Roll
[EVENT] roll_dice from Debo_r0wWfgbcLh_AAAB {
  gameId: '83dd69b5-81ad-4e8e-866b-5b189ea2691d',
  playerId: '5ef4c284-44dc-469d-8ff4-36204e78f3e7'
}
🔄 State transition: Roll → Tile
🔄 State transition: Tile → Card
🔄 State transition: Card → Decision
[EVENT] card_choice from Debo_r0wWfgbcLh_AAAB {
  gameId: '83dd69b5-81ad-4e8e-866b-5b189ea2691d',
  playerId: '5ef4c284-44dc-469d-8ff4-36204e78f3e7',
  cardId: 'dummy_card',
  choiceIndex: 0
}
[GAME] Player Bot1 chose 'Become a corporate shill'. New stats: { money: 17021, mentalHealth: 8, sin: 5, virtue: 0 }
🔄 State transition: Decision → EndTurn
🔄 State transition: EndTurn → Idle
🔄 State transition: Idle → Roll
[EVENT] roll_dice from pDTtSRRqCvoHicuIAAAD {
  gameId: '83dd69b5-81ad-4e8e-866b-5b189ea2691d',
  playerId: '2d7465c5-f899-464f-9646-bf192925e442'
}
🔄 State transition: Roll → Tile
🔄 State transition: Tile → Card
🔄 State transition: Card → Decision
[EVENT] card_choice from pDTtSRRqCvoHicuIAAAD {
  gameId: '83dd69b5-81ad-4e8e-866b-5b189ea2691d',
  playerId: '2d7465c5-f899-464f-9646-bf192925e442',
  cardId: 'dummy_card',
  choiceIndex: 1
}
[GAME] Player Bot2 chose 'Organize a protest'. New stats: { money: 15700, mentalHealth: 0, sin: 0, virtue: 10 }
🔄 State transition: Decision → EndTurn
🔄 State transition: EndTurn → Idle
🔄 State transition: Idle → Roll
👋 User disconnected: Debo_r0wWfgbcLh_AAAB
👋 User disconnected: pDTtSRRqCvoHicuIAAAD
